Archive member included to satisfy reference by file (symbol)

c:/st/stm32cubeide_1.7.0/stm32cubeide/plugins/com.st.stm32cube.ide.mcu.externaltools.gnu-tools-for-stm32.9-2020-q2-update.win32_2.0.0.202105311346/tools/bin/../lib/gcc/arm-none-eabi/9.3.1/../../../../arm-none-eabi/lib/thumb/v7e-m+fp/hard\libc_nano.a(lib_a-errno.o)
                              ./Core/Src/syscalls.o (__errno)
c:/st/stm32cubeide_1.7.0/stm32cubeide/plugins/com.st.stm32cube.ide.mcu.externaltools.gnu-tools-for-stm32.9-2020-q2-update.win32_2.0.0.202105311346/tools/bin/../lib/gcc/arm-none-eabi/9.3.1/../../../../arm-none-eabi/lib/thumb/v7e-m+fp/hard\libc_nano.a(lib_a-exit.o)
                              c:/st/stm32cubeide_1.7.0/stm32cubeide/plugins/com.st.stm32cube.ide.mcu.externaltools.gnu-tools-for-stm32.9-2020-q2-update.win32_2.0.0.202105311346/tools/bin/../lib/gcc/arm-none-eabi/9.3.1/../../../../arm-none-eabi/lib/thumb/v7e-m+fp/hard/crt0.o (exit)
c:/st/stm32cubeide_1.7.0/stm32cubeide/plugins/com.st.stm32cube.ide.mcu.externaltools.gnu-tools-for-stm32.9-2020-q2-update.win32_2.0.0.202105311346/tools/bin/../lib/gcc/arm-none-eabi/9.3.1/../../../../arm-none-eabi/lib/thumb/v7e-m+fp/hard\libc_nano.a(lib_a-impure.o)
                              c:/st/stm32cubeide_1.7.0/stm32cubeide/plugins/com.st.stm32cube.ide.mcu.externaltools.gnu-tools-for-stm32.9-2020-q2-update.win32_2.0.0.202105311346/tools/bin/../lib/gcc/arm-none-eabi/9.3.1/../../../../arm-none-eabi/lib/thumb/v7e-m+fp/hard\libc_nano.a(lib_a-exit.o) (_global_impure_ptr)
c:/st/stm32cubeide_1.7.0/stm32cubeide/plugins/com.st.stm32cube.ide.mcu.externaltools.gnu-tools-for-stm32.9-2020-q2-update.win32_2.0.0.202105311346/tools/bin/../lib/gcc/arm-none-eabi/9.3.1/../../../../arm-none-eabi/lib/thumb/v7e-m+fp/hard\libc_nano.a(lib_a-init.o)
                              c:/st/stm32cubeide_1.7.0/stm32cubeide/plugins/com.st.stm32cube.ide.mcu.externaltools.gnu-tools-for-stm32.9-2020-q2-update.win32_2.0.0.202105311346/tools/bin/../lib/gcc/arm-none-eabi/9.3.1/../../../../arm-none-eabi/lib/thumb/v7e-m+fp/hard/crt0.o (__libc_init_array)
c:/st/stm32cubeide_1.7.0/stm32cubeide/plugins/com.st.stm32cube.ide.mcu.externaltools.gnu-tools-for-stm32.9-2020-q2-update.win32_2.0.0.202105311346/tools/bin/../lib/gcc/arm-none-eabi/9.3.1/../../../../arm-none-eabi/lib/thumb/v7e-m+fp/hard\libc_nano.a(lib_a-memcpy-stub.o)
                              ./Middlewares/Third_Party/FreeRTOS/Source/queue.o (memcpy)
c:/st/stm32cubeide_1.7.0/stm32cubeide/plugins/com.st.stm32cube.ide.mcu.externaltools.gnu-tools-for-stm32.9-2020-q2-update.win32_2.0.0.202105311346/tools/bin/../lib/gcc/arm-none-eabi/9.3.1/../../../../arm-none-eabi/lib/thumb/v7e-m+fp/hard\libc_nano.a(lib_a-memset.o)
                              c:/st/stm32cubeide_1.7.0/stm32cubeide/plugins/com.st.stm32cube.ide.mcu.externaltools.gnu-tools-for-stm32.9-2020-q2-update.win32_2.0.0.202105311346/tools/bin/../lib/gcc/arm-none-eabi/9.3.1/../../../../arm-none-eabi/lib/thumb/v7e-m+fp/hard/crt0.o (memset)
c:/st/stm32cubeide_1.7.0/stm32cubeide/plugins/com.st.stm32cube.ide.mcu.externaltools.gnu-tools-for-stm32.9-2020-q2-update.win32_2.0.0.202105311346/tools/bin/../lib/gcc/arm-none-eabi/9.3.1/../../../../arm-none-eabi/lib/thumb/v7e-m+fp/hard\libc_nano.a(lib_a-strlen.o)
                              ./Core/Src/flash.o (strlen)
c:/st/stm32cubeide_1.7.0/stm32cubeide/plugins/com.st.stm32cube.ide.mcu.externaltools.gnu-tools-for-stm32.9-2020-q2-update.win32_2.0.0.202105311346/tools/bin/../lib/gcc/arm-none-eabi/9.3.1/thumb/v7e-m+fp/hard\libgcc.a(_aeabi_uldivmod.o)
                              ./Drivers/STM32F4xx_HAL_Driver/Src/stm32f4xx_hal_rcc.o (__aeabi_uldivmod)
c:/st/stm32cubeide_1.7.0/stm32cubeide/plugins/com.st.stm32cube.ide.mcu.externaltools.gnu-tools-for-stm32.9-2020-q2-update.win32_2.0.0.202105311346/tools/bin/../lib/gcc/arm-none-eabi/9.3.1/thumb/v7e-m+fp/hard\libgcc.a(_udivmoddi4.o)
                              c:/st/stm32cubeide_1.7.0/stm32cubeide/plugins/com.st.stm32cube.ide.mcu.externaltools.gnu-tools-for-stm32.9-2020-q2-update.win32_2.0.0.202105311346/tools/bin/../lib/gcc/arm-none-eabi/9.3.1/thumb/v7e-m+fp/hard\libgcc.a(_aeabi_uldivmod.o) (__udivmoddi4)
c:/st/stm32cubeide_1.7.0/stm32cubeide/plugins/com.st.stm32cube.ide.mcu.externaltools.gnu-tools-for-stm32.9-2020-q2-update.win32_2.0.0.202105311346/tools/bin/../lib/gcc/arm-none-eabi/9.3.1/thumb/v7e-m+fp/hard\libgcc.a(_dvmd_tls.o)
                              c:/st/stm32cubeide_1.7.0/stm32cubeide/plugins/com.st.stm32cube.ide.mcu.externaltools.gnu-tools-for-stm32.9-2020-q2-update.win32_2.0.0.202105311346/tools/bin/../lib/gcc/arm-none-eabi/9.3.1/thumb/v7e-m+fp/hard\libgcc.a(_aeabi_uldivmod.o) (__aeabi_ldiv0)

Allocating common symbols
Common symbol       size              file

b                   0x4               ./Core/Src/flash.o
defaultTaskHandle   0x4               ./Core/Src/main.o
hiwdg               0xc               ./Core/Src/main.o
[...]
Memory Configuration

Name             Origin             Length             Attributes
CCMRAM           0x0000000010000000 0x0000000000010000 xrw
RAM              0x0000000020000000 0x0000000000030000 xrw
FLASH            0x0000000008000000 0x0000000000200000 xr
*default*        0x0000000000000000 0xffffffffffffffff

Linker script and memory map

LOAD c:/st/stm32cubeide_1.7.0/stm32cubeide/plugins/com.st.stm32cube.ide.mcu.externaltools.gnu-tools-for-stm32.9-2020-q2-update.win32_2.0.0.202105311346/tools/bin/../lib/gcc/arm-none-eabi/9.3.1/thumb/v7e-m+fp/hard/crti.o
LOAD c:/st/stm32cubeide_1.7.0/stm32cubeide/plugins/com.st.stm32cube.ide.mcu.externaltools.gnu-tools-for-stm32.9-2020-q2-update.win32_2.0.0.202105311346/tools/bin/../lib/gcc/arm-none-eabi/9.3.1/thumb/v7e-m+fp/hard/crtbegin.o
LOAD c:/st/stm32cubeide_1.7.0/stm32cubeide/plugins/com.st.stm32cube.ide.mcu.externaltools.gnu-tools-for-stm32.9-2020-q2-update.win32_2.0.0.202105311346/tools/bin/../lib/gcc/arm-none-eabi/9.3.1/../../../../arm-none-eabi/lib/thumb/v7e-m+fp/hard/crt0.o
LOAD ./Core/Src/flash.o
LOAD ./Core/Src/freertos.o
LOAD ./Core/Src/main.o
LOAD ./Core/Src/stm32f4xx_hal_msp.o
LOAD ./Core/Src/stm32f4xx_it.o
LOAD ./Core/Src/syscalls.o
LOAD ./Core/Src/sysmem.o
LOAD ./Core/Src/system_stm32f4xx.o
LOAD ./Core/Startup/startup_stm32f429zitx.o
LOAD ./Drivers/STM32F4xx_HAL_Driver/Src/stm32f4xx_hal.o
LOAD ./Drivers/STM32F4xx_HAL_Driver/Src/stm32f4xx_hal_cortex.o
LOAD ./Drivers/STM32F4xx_HAL_Driver/Src/stm32f4xx_hal_dma.o
LOAD ./Drivers/STM32F4xx_HAL_Driver/Src/stm32f4xx_hal_dma_ex.o
LOAD ./Drivers/STM32F4xx_HAL_Driver/Src/stm32f4xx_hal_exti.o
LOAD ./Drivers/STM32F4xx_HAL_Driver/Src/stm32f4xx_hal_flash.o
LOAD ./Drivers/STM32F4xx_HAL_Driver/Src/stm32f4xx_hal_flash_ex.o
LOAD ./Drivers/STM32F4xx_HAL_Driver/Src/stm32f4xx_hal_flash_ramfunc.o
LOAD ./Drivers/STM32F4xx_HAL_Driver/Src/stm32f4xx_hal_gpio.o
LOAD ./Drivers/STM32F4xx_HAL_Driver/Src/stm32f4xx_hal_iwdg.o
LOAD ./Drivers/STM32F4xx_HAL_Driver/Src/stm32f4xx_hal_pwr.o
LOAD ./Drivers/STM32F4xx_HAL_Driver/Src/stm32f4xx_hal_pwr_ex.o
LOAD ./Drivers/STM32F4xx_HAL_Driver/Src/stm32f4xx_hal_rcc.o
LOAD ./Drivers/STM32F4xx_HAL_Driver/Src/stm32f4xx_hal_rcc_ex.o
LOAD ./Drivers/STM32F4xx_HAL_Driver/Src/stm32f4xx_hal_tim.o
LOAD ./Drivers/STM32F4xx_HAL_Driver/Src/stm32f4xx_hal_tim_ex.o
LOAD ./Drivers/STM32F4xx_HAL_Driver/Src/stm32f4xx_hal_wwdg.o
LOAD ./Middlewares/Third_Party/FreeRTOS/Source/CMSIS_RTOS/cmsis_os.o
LOAD ./Middlewares/Third_Party/FreeRTOS/Source/croutine.o
LOAD ./Middlewares/Third_Party/FreeRTOS/Source/event_groups.o
LOAD ./Middlewares/Third_Party/FreeRTOS/Source/list.o
LOAD ./Middlewares/Third_Party/FreeRTOS/Source/queue.o
LOAD ./Middlewares/Third_Party/FreeRTOS/Source/stream_buffer.o
LOAD ./Middlewares/Third_Party/FreeRTOS/Source/tasks.o
LOAD ./Middlewares/Third_Party/FreeRTOS/Source/timers.o
LOAD ./Middlewares/Third_Party/FreeRTOS/Source/portable/GCC/ARM_CM4F/port.o
LOAD ./Middlewares/Third_Party/FreeRTOS/Source/portable/MemMang/heap_4.o
START GROUP
LOAD c:/st/stm32cubeide_1.7.0/stm32cubeide/plugins/com.st.stm32cube.ide.mcu.externaltools.gnu-tools-for-stm32.9-2020-q2-update.win32_2.0.0.202105311346/tools/bin/../lib/gcc/arm-none-eabi/9.3.1/../../../../arm-none-eabi/lib/thumb/v7e-m+fp/hard\libc_nano.a
LOAD c:/st/stm32cubeide_1.7.0/stm32cubeide/plugins/com.st.stm32cube.ide.mcu.externaltools.gnu-tools-for-stm32.9-2020-q2-update.win32_2.0.0.202105311346/tools/bin/../lib/gcc/arm-none-eabi/9.3.1/../../../../arm-none-eabi/lib/thumb/v7e-m+fp/hard\libm.a
END GROUP
START GROUP
LOAD c:/st/stm32cubeide_1.7.0/stm32cubeide/plugins/com.st.stm32cube.ide.mcu.externaltools.gnu-tools-for-stm32.9-2020-q2-update.win32_2.0.0.202105311346/tools/bin/../lib/gcc/arm-none-eabi/9.3.1/thumb/v7e-m+fp/hard\libgcc.a
LOAD c:/st/stm32cubeide_1.7.0/stm32cubeide/plugins/com.st.stm32cube.ide.mcu.externaltools.gnu-tools-for-stm32.9-2020-q2-update.win32_2.0.0.202105311346/tools/bin/../lib/gcc/arm-none-eabi/9.3.1/../../../../arm-none-eabi/lib/thumb/v7e-m+fp/hard\libc_nano.a
END GROUP
START GROUP
LOAD c:/st/stm32cubeide_1.7.0/stm32cubeide/plugins/com.st.stm32cube.ide.mcu.externaltools.gnu-tools-for-stm32.9-2020-q2-update.win32_2.0.0.202105311346/tools/bin/../lib/gcc/arm-none-eabi/9.3.1/thumb/v7e-m+fp/hard\libgcc.a
LOAD c:/st/stm32cubeide_1.7.0/stm32cubeide/plugins/com.st.stm32cube.ide.mcu.externaltools.gnu-tools-for-stm32.9-2020-q2-update.win32_2.0.0.202105311346/tools/bin/../lib/gcc/arm-none-eabi/9.3.1/../../../../arm-none-eabi/lib/thumb/v7e-m+fp/hard\libc_nano.a
LOAD c:/st/stm32cubeide_1.7.0/stm32cubeide/plugins/com.st.stm32cube.ide.mcu.externaltools.gnu-tools-for-stm32.9-2020-q2-update.win32_2.0.0.202105311346/tools/bin/../lib/gcc/arm-none-eabi/9.3.1/../../../../arm-none-eabi/lib/thumb/v7e-m+fp/hard\libnosys.a
END GROUP
START GROUP
LOAD c:/st/stm32cubeide_1.7.0/stm32cubeide/plugins/com.st.stm32cube.ide.mcu.externaltools.gnu-tools-for-stm32.9-2020-q2-update.win32_2.0.0.202105311346/tools/bin/../lib/gcc/arm-none-eabi/9.3.1/thumb/v7e-m+fp/hard\libgcc.a
LOAD c:/st/stm32cubeide_1.7.0/stm32cubeide/plugins/com.st.stm32cube.ide.mcu.externaltools.gnu-tools-for-stm32.9-2020-q2-update.win32_2.0.0.202105311346/tools/bin/../lib/gcc/arm-none-eabi/9.3.1/../../../../arm-none-eabi/lib/thumb/v7e-m+fp/hard\libc_nano.a
LOAD c:/st/stm32cubeide_1.7.0/stm32cubeide/plugins/com.st.stm32cube.ide.mcu.externaltools.gnu-tools-for-stm32.9-2020-q2-update.win32_2.0.0.202105311346/tools/bin/../lib/gcc/arm-none-eabi/9.3.1/../../../../arm-none-eabi/lib/thumb/v7e-m+fp/hard\libnosys.a
END GROUP
LOAD c:/st/stm32cubeide_1.7.0/stm32cubeide/plugins/com.st.stm32cube.ide.mcu.externaltools.gnu-tools-for-stm32.9-2020-q2-update.win32_2.0.0.202105311346/tools/bin/../lib/gcc/arm-none-eabi/9.3.1/thumb/v7e-m+fp/hard/crtend.o
LOAD c:/st/stm32cubeide_1.7.0/stm32cubeide/plugins/com.st.stm32cube.ide.mcu.externaltools.gnu-tools-for-stm32.9-2020-q2-update.win32_2.0.0.202105311346/tools/bin/../lib/gcc/arm-none-eabi/9.3.1/thumb/v7e-m+fp/hard/crtn.o
                0x0000000020030000                _estack = (ORIGIN (RAM) + LENGTH (RAM))
                0x0000000000000200                _Min_Heap_Size = 0x200
                0x0000000000000400                _Min_Stack_Size = 0x400

.isr_vector     0x0000000008000000      0x1ac
                0x0000000008000000                . = ALIGN (0x4)
 *(.isr_vector)
 .isr_vector    0x0000000008000000      0x1ac ./Core/Startup/startup_stm32f429zitx.o
                0x0000000008000000                g_pfnVectors
                0x00000000080001ac                . = ALIGN (0x4)

.text           0x00000000080001b0     0x223c
                0x00000000080001b0                . = ALIGN (0x4)
 *(.text)
 .text          0x00000000080001b0       0x40 c:/st/stm32cubeide_1.7.0/stm32cubeide/plugins/com.st.stm32cube.ide.mcu.externaltools.gnu-tools-for-stm32.9-2020-q2-update.win32_2.0.0.202105311346/tools/bin/../lib/gcc/arm-none-eabi/9.3.1/thumb/v7e-m+fp/hard/crtbegin.o
 .text          0x00000000080001f0       0x10 c:/st/stm32cubeide_1.7.0/stm32cubeide/plugins/com.st.stm32cube.ide.mcu.externaltools.gnu-tools-for-stm32.9-2020-q2-update.win32_2.0.0.202105311346/tools/bin/../lib/gcc/arm-none-eabi/9.3.1/../../../../arm-none-eabi/lib/thumb/v7e-m+fp/hard\libc_nano.a(lib_a-strlen.o)
                0x00000000080001f0                strlen
 .text          0x0000000008000200       0x30 c:/st/stm32cubeide_1.7.0/stm32cubeide/plugins/com.st.stm32cube.ide.mcu.externaltools.gnu-tools-for-stm32.9-2020-q2-update.win32_2.0.0.202105311346/tools/bin/../lib/gcc/arm-none-eabi/9.3.1/thumb/v7e-m+fp/hard\libgcc.a(_aeabi_uldivmod.o)
                0x0000000008000200                __aeabi_uldivmod
 .text          0x0000000008000230      0x2c4 c:/st/stm32cubeide_1.7.0/stm32cubeide/plugins/com.st.stm32cube.ide.mcu.externaltools.gnu-tools-for-stm32.9-2020-q2-update.win32_2.0.0.202105311346/tools/bin/../lib/gcc/arm-none-eabi/9.3.1/thumb/v7e-m+fp/hard\libgcc.a(_udivmoddi4.o)
                0x0000000008000230                __udivmoddi4
 .text          0x00000000080004f4        0x4 c:/st/stm32cubeide_1.7.0/stm32cubeide/plugins/com.st.stm32cube.ide.mcu.externaltools.gnu-tools-for-stm32.9-2020-q2-update.win32_2.0.0.202105311346/tools/bin/../lib/gcc/arm-none-eabi/9.3.1/thumb/v7e-m+fp/hard\libgcc.a(_dvmd_tls.o)
                0x00000000080004f4                __aeabi_idiv0
                0x00000000080004f4                __aeabi_ldiv0
 *(.text*)
 .text.unlock   0x00000000080004f8       0x3c ./Core/Src/flash.o
                0x00000000080004f8                unlock
 .text.erase_sec11
                0x0000000008000534       0x84 ./Core/Src/flash.o
                0x0000000008000534                erase_sec11
 .text.program  0x00000000080005b8       0xfc ./Core/Src/flash.o
                0x00000000080005b8                program
 .text.program_8
                0x00000000080006b4       0xb8 ./Core/Src/flash.o
                0x00000000080006b4                program_8
 .text.read_new
                0x000000000800076c       0x54 ./Core/Src/flash.o
                0x000000000800076c                read_new
 .text.read     0x00000000080007c0       0x48 ./Core/Src/flash.o
                0x00000000080007c0                read
 .text.lock     0x0000000008000808       0x2c ./Core/Src/flash.o
                0x0000000008000808                lock
 .text.main     0x0000000008000834       0x78 ./Core/Src/main.o
                0x0000000008000834                main
 .text.SystemClock_Config
                0x00000000080008ac       0xe4 ./Core/Src/main.o
                0x00000000080008ac                SystemClock_Config
 .text.MX_GPIO_Init
                0x0000000008000990      0x4d8 ./Core/Src/main.o
 .text.Error_Handler
                0x0000000008000e68        0xa ./Core/Src/main.o
                0x0000000008000e68                Error_Handler
 *fill*         0x0000000008000e72        0x2 
 .text.HAL_MspInit
                0x0000000008000e74       0x68 ./Core/Src/stm32f4xx_hal_msp.o
                0x0000000008000e74                HAL_MspInit
 .text.NMI_Handler
                0x0000000008000edc        0x6 ./Core/Src/stm32f4xx_it.o
                0x0000000008000edc                NMI_Handler
 .text.HardFault_Handler
                0x0000000008000ee2        0x6 ./Core/Src/stm32f4xx_it.o
                0x0000000008000ee2                HardFault_Handler
 .text.MemManage_Handler
                0x0000000008000ee8        0x6 ./Core/Src/stm32f4xx_it.o
                0x0000000008000ee8                MemManage_Handler
 .text.BusFault_Handler
                0x0000000008000eee        0x6 ./Core/Src/stm32f4xx_it.o
                0x0000000008000eee                BusFault_Handler
 .text.UsageFault_Handler
                0x0000000008000ef4        0x6 ./Core/Src/stm32f4xx_it.o
                0x0000000008000ef4                UsageFault_Handler
 .text.DebugMon_Handler
                0x0000000008000efa        0xe ./Core/Src/stm32f4xx_it.o
                0x0000000008000efa                DebugMon_Handler
 .text.SysTick_Handler
                0x0000000008000f08       0x1a ./Core/Src/stm32f4xx_it.o
                0x0000000008000f08                SysTick_Handler
 .text.RCC_IRQHandler
                0x0000000008000f22        0xe ./Core/Src/stm32f4xx_it.o
                0x0000000008000f22                RCC_IRQHandler
 .text.SystemInit
                0x0000000008000f30       0x24 ./Core/Src/system_stm32f4xx.o
                0x0000000008000f30                SystemInit
 .text.Reset_Handler
                0x0000000008000f54       0x50 ./Core/Startup/startup_stm32f429zitx.o
                0x0000000008000f54                Reset_Handler
 .text.Default_Handler
                0x0000000008000fa4        0x2 ./Core/Startup/startup_stm32f429zitx.o
                0x0000000008000fa4                RTC_Alarm_IRQHandler
                0x0000000008000fa4                HASH_RNG_IRQHandler
                0x0000000008000fa4                EXTI2_IRQHandler
                0x0000000008000fa4                TIM8_CC_IRQHandler
                0x0000000008000fa4                UART8_IRQHandler
                0x0000000008000fa4                SPI4_IRQHandler
                0x0000000008000fa4                TIM1_CC_IRQHandler
                0x0000000008000fa4                DMA2_Stream5_IRQHandler
                0x0000000008000fa4                DMA1_Stream5_IRQHandler
                0x0000000008000fa4                PVD_IRQHandler
                0x0000000008000fa4                SDIO_IRQHandler
                0x0000000008000fa4                TAMP_STAMP_IRQHandler
                0x0000000008000fa4                CAN2_RX1_IRQHandler
                0x0000000008000fa4                EXTI3_IRQHandler
                0x0000000008000fa4                TIM8_TRG_COM_TIM14_IRQHandler
                0x0000000008000fa4                TIM1_UP_TIM10_IRQHandler
                0x0000000008000fa4                TIM8_UP_TIM13_IRQHandler
                0x0000000008000fa4                I2C3_ER_IRQHandler
                0x0000000008000fa4                EXTI0_IRQHandler
                0x0000000008000fa4                I2C2_EV_IRQHandler
                0x0000000008000fa4                DMA1_Stream2_IRQHandler
                0x0000000008000fa4                CAN1_RX0_IRQHandler
                0x0000000008000fa4                FPU_IRQHandler
                0x0000000008000fa4                OTG_HS_WKUP_IRQHandler
                0x0000000008000fa4                LTDC_ER_IRQHandler
                0x0000000008000fa4                CAN2_SCE_IRQHandler
                0x0000000008000fa4                DMA2_Stream2_IRQHandler
                0x0000000008000fa4                SPI1_IRQHandler
                0x0000000008000fa4                TIM6_DAC_IRQHandler
                0x0000000008000fa4                TIM1_BRK_TIM9_IRQHandler
                0x0000000008000fa4                DCMI_IRQHandler
                0x0000000008000fa4                CAN2_RX0_IRQHandler
                0x0000000008000fa4                DMA2_Stream3_IRQHandler
                0x0000000008000fa4                USART6_IRQHandler
                0x0000000008000fa4                USART3_IRQHandler
                0x0000000008000fa4                CAN1_RX1_IRQHandler
                0x0000000008000fa4                UART5_IRQHandler
                0x0000000008000fa4                DMA2_Stream0_IRQHandler
                0x0000000008000fa4                TIM4_IRQHandler
                0x0000000008000fa4                I2C1_EV_IRQHandler
                0x0000000008000fa4                DMA1_Stream6_IRQHandler
                0x0000000008000fa4                DMA1_Stream1_IRQHandler
                0x0000000008000fa4                UART4_IRQHandler
                0x0000000008000fa4                TIM3_IRQHandler
                0x0000000008000fa4                TIM8_BRK_TIM12_IRQHandler
                0x0000000008000fa4                Default_Handler
                0x0000000008000fa4                EXTI15_10_IRQHandler
                0x0000000008000fa4                ADC_IRQHandler
                0x0000000008000fa4                DMA1_Stream7_IRQHandler
                0x0000000008000fa4                SPI5_IRQHandler
                0x0000000008000fa4                TIM7_IRQHandler
                0x0000000008000fa4                CAN2_TX_IRQHandler
                0x0000000008000fa4                TIM5_IRQHandler
                0x0000000008000fa4                DMA2_Stream7_IRQHandler
                0x0000000008000fa4                I2C3_EV_IRQHandler
                0x0000000008000fa4                EXTI9_5_IRQHandler
                0x0000000008000fa4                RTC_WKUP_IRQHandler
                0x0000000008000fa4                LTDC_IRQHandler
                0x0000000008000fa4                ETH_WKUP_IRQHandler
                0x0000000008000fa4                SPI2_IRQHandler
                0x0000000008000fa4                OTG_HS_EP1_IN_IRQHandler
                0x0000000008000fa4                DMA1_Stream0_IRQHandler
                0x0000000008000fa4                CAN1_TX_IRQHandler
                0x0000000008000fa4                EXTI4_IRQHandler
                0x0000000008000fa4                ETH_IRQHandler
                0x0000000008000fa4                OTG_HS_EP1_OUT_IRQHandler
                0x0000000008000fa4                WWDG_IRQHandler
                0x0000000008000fa4                SPI6_IRQHandler
                0x0000000008000fa4                TIM2_IRQHandler
                0x0000000008000fa4                OTG_FS_WKUP_IRQHandler
                0x0000000008000fa4                TIM1_TRG_COM_TIM11_IRQHandler
                0x0000000008000fa4                OTG_HS_IRQHandler
                0x0000000008000fa4                DMA2D_IRQHandler
                0x0000000008000fa4                EXTI1_IRQHandler
                0x0000000008000fa4                UART7_IRQHandler
                0x0000000008000fa4                USART2_IRQHandler
                0x0000000008000fa4                I2C2_ER_IRQHandler
                0x0000000008000fa4                DMA2_Stream1_IRQHandler
                0x0000000008000fa4                CAN1_SCE_IRQHandler
                0x0000000008000fa4                FLASH_IRQHandler
                0x0000000008000fa4                DMA2_Stream4_IRQHandler
                0x0000000008000fa4                USART1_IRQHandler
                0x0000000008000fa4                OTG_FS_IRQHandler
                0x0000000008000fa4                SPI3_IRQHandler
                0x0000000008000fa4                DMA1_Stream4_IRQHandler
                0x0000000008000fa4                I2C1_ER_IRQHandler
                0x0000000008000fa4                FMC_IRQHandler
                0x0000000008000fa4                DMA2_Stream6_IRQHandler
                0x0000000008000fa4                SAI1_IRQHandler
                0x0000000008000fa4                DMA1_Stream3_IRQHandler
 *fill*         0x0000000008000fa6        0x2 
 .text.HAL_Init
                0x0000000008000fa8       0x44 ./Drivers/STM32F4xx_HAL_Driver/Src/stm32f4xx_hal.o
                0x0000000008000fa8                HAL_Init
 .text.HAL_InitTick
                0x0000000008000fec       0x60 ./Drivers/STM32F4xx_HAL_Driver/Src/stm32f4xx_hal.o
                0x0000000008000fec                HAL_InitTick
 .text.HAL_IncTick
                0x000000000800104c       0x28 ./Drivers/STM32F4xx_HAL_Driver/Src/stm32f4xx_hal.o
                0x000000000800104c                HAL_IncTick
 .text.HAL_GetTick
                0x0000000008001074       0x18 ./Drivers/STM32F4xx_HAL_Driver/Src/stm32f4xx_hal.o
                0x0000000008001074                HAL_GetTick
 .text.__NVIC_SetPriorityGrouping
                0x000000000800108c       0x48 ./Drivers/STM32F4xx_HAL_Driver/Src/stm32f4xx_hal_cortex.o
 .text.__NVIC_GetPriorityGrouping
                0x00000000080010d4       0x1c ./Drivers/STM32F4xx_HAL_Driver/Src/stm32f4xx_hal_cortex.o
 .text.__NVIC_EnableIRQ
                0x00000000080010f0       0x3c ./Drivers/STM32F4xx_HAL_Driver/Src/stm32f4xx_hal_cortex.o
 .text.__NVIC_SetPriority
                0x000000000800112c       0x54 ./Drivers/STM32F4xx_HAL_Driver/Src/stm32f4xx_hal_cortex.o
 .text.NVIC_EncodePriority
                0x0000000008001180       0x66 ./Drivers/STM32F4xx_HAL_Driver/Src/stm32f4xx_hal_cortex.o
 *fill*         0x00000000080011e6        0x2 
 .text.SysTick_Config
                0x00000000080011e8       0x44 ./Drivers/STM32F4xx_HAL_Driver/Src/stm32f4xx_hal_cortex.o
 .text.HAL_NVIC_SetPriorityGrouping
                0x000000000800122c       0x16 ./Drivers/STM32F4xx_HAL_Driver/Src/stm32f4xx_hal_cortex.o
                0x000000000800122c                HAL_NVIC_SetPriorityGrouping
 .text.HAL_NVIC_SetPriority
                0x0000000008001242       0x38 ./Drivers/STM32F4xx_HAL_Driver/Src/stm32f4xx_hal_cortex.o
                0x0000000008001242                HAL_NVIC_SetPriority
 .text.HAL_NVIC_EnableIRQ
                0x000000000800127a       0x1c ./Drivers/STM32F4xx_HAL_Driver/Src/stm32f4xx_hal_cortex.o
                0x000000000800127a                HAL_NVIC_EnableIRQ
 .text.HAL_SYSTICK_Config
                0x0000000008001296       0x18 ./Drivers/STM32F4xx_HAL_Driver/Src/stm32f4xx_hal_cortex.o
                0x0000000008001296                HAL_SYSTICK_Config
 *fill*         0x00000000080012ae        0x2 
 .text.HAL_GPIO_Init
                0x00000000080012b0      0x358 ./Drivers/STM32F4xx_HAL_Driver/Src/stm32f4xx_hal_gpio.o
                0x00000000080012b0                HAL_GPIO_Init
 .text.HAL_GPIO_WritePin
                0x0000000008001608       0x32 ./Drivers/STM32F4xx_HAL_Driver/Src/stm32f4xx_hal_gpio.o
                0x0000000008001608                HAL_GPIO_WritePin
 *fill*         0x000000000800163a        0x2 
 .text.HAL_PWREx_EnableOverDrive
                0x000000000800163c       0xa0 ./Drivers/STM32F4xx_HAL_Driver/Src/stm32f4xx_hal_pwr_ex.o
                0x000000000800163c                HAL_PWREx_EnableOverDrive
 .text.HAL_RCC_OscConfig
                0x00000000080016dc      0x4f0 ./Drivers/STM32F4xx_HAL_Driver/Src/stm32f4xx_hal_rcc.o
                0x00000000080016dc                HAL_RCC_OscConfig
 .text.HAL_RCC_ClockConfig
                0x0000000008001bcc      0x1cc ./Drivers/STM32F4xx_HAL_Driver/Src/stm32f4xx_hal_rcc.o
                0x0000000008001bcc                HAL_RCC_ClockConfig
 .text.HAL_RCC_GetSysClockFreq
                0x0000000008001d98      0x1c4 ./Drivers/STM32F4xx_HAL_Driver/Src/stm32f4xx_hal_rcc.o
                0x0000000008001d98                HAL_RCC_GetSysClockFreq
 .text.vListInsertEnd
                0x0000000008001f5c       0x48 ./Middlewares/Third_Party/FreeRTOS/Source/list.o
                0x0000000008001f5c                vListInsertEnd
 .text.uxListRemove
                0x0000000008001fa4       0x54 ./Middlewares/Third_Party/FreeRTOS/Source/list.o
                0x0000000008001fa4                uxListRemove
 .text.xTaskIncrementTick
                0x0000000008001ff8      0x170 ./Middlewares/Third_Party/FreeRTOS/Source/tasks.o
                0x0000000008001ff8                xTaskIncrementTick
 .text.vTaskSwitchContext
                0x0000000008002168       0xb8 ./Middlewares/Third_Party/FreeRTOS/Source/tasks.o
                0x0000000008002168                vTaskSwitchContext
 .text.prvResetNextTaskUnblockTime
                0x0000000008002220       0x40 ./Middlewares/Third_Party/FreeRTOS/Source/tasks.o
 .text.xTaskGetSchedulerState
                0x0000000008002260       0x3c ./Middlewares/Third_Party/FreeRTOS/Source/tasks.o
                0x0000000008002260                xTaskGetSchedulerState
 *fill*         0x000000000800229c        0x4 
 .text.SVC_Handler
                0x00000000080022a0       0x28 ./Middlewares/Third_Party/FreeRTOS/Source/portable/GCC/ARM_CM4F/port.o
                0x00000000080022a0                SVC_Handler
 *fill*         0x00000000080022c8        0x8 
 .text.PendSV_Handler
                0x00000000080022d0       0x68 ./Middlewares/Third_Party/FreeRTOS/Source/portable/GCC/ARM_CM4F/port.o
                0x00000000080022d0                PendSV_Handler
 .text.xPortSysTickHandler
                0x0000000008002338       0x44 ./Middlewares/Third_Party/FreeRTOS/Source/portable/GCC/ARM_CM4F/port.o
                0x0000000008002338                xPortSysTickHandler
 .text.__libc_init_array
                0x000000000800237c       0x48 c:/st/stm32cubeide_1.7.0/stm32cubeide/plugins/com.st.stm32cube.ide.mcu.externaltools.gnu-tools-for-stm32.9-2020-q2-update.win32_2.0.0.202105311346/tools/bin/../lib/gcc/arm-none-eabi/9.3.1/../../../../arm-none-eabi/lib/thumb/v7e-m+fp/hard\libc_nano.a(lib_a-init.o)
                0x000000000800237c                __libc_init_array
 .text.memset   0x00000000080023c4       0x10 c:/st/stm32cubeide_1.7.0/stm32cubeide/plugins/com.st.stm32cube.ide.mcu.externaltools.gnu-tools-for-stm32.9-2020-q2-update.win32_2.0.0.202105311346/tools/bin/../lib/gcc/arm-none-eabi/9.3.1/../../../../arm-none-eabi/lib/thumb/v7e-m+fp/hard\libc_nano.a(lib_a-memset.o)
                0x00000000080023c4                memset
 *(.glue_7)
 .glue_7        0x00000000080023d4        0x0 linker stubs
 *(.glue_7t)
 .glue_7t       0x00000000080023d4        0x0 linker stubs
 *(.eh_frame)
 .eh_frame      0x00000000080023d4        0x0 c:/st/stm32cubeide_1.7.0/stm32cubeide/plugins/com.st.stm32cube.ide.mcu.externaltools.gnu-tools-for-stm32.9-2020-q2-update.win32_2.0.0.202105311346/tools/bin/../lib/gcc/arm-none-eabi/9.3.1/thumb/v7e-m+fp/hard/crtbegin.o
 *(.init)
 .init          0x00000000080023d4        0x4 c:/st/stm32cubeide_1.7.0/stm32cubeide/plugins/com.st.stm32cube.ide.mcu.externaltools.gnu-tools-for-stm32.9-2020-q2-update.win32_2.0.0.202105311346/tools/bin/../lib/gcc/arm-none-eabi/9.3.1/thumb/v7e-m+fp/hard/crti.o
                0x00000000080023d4                _init
 .init          0x00000000080023d8        0x8 c:/st/stm32cubeide_1.7.0/stm32cubeide/plugins/com.st.stm32cube.ide.mcu.externaltools.gnu-tools-for-stm32.9-2020-q2-update.win32_2.0.0.202105311346/tools/bin/../lib/gcc/arm-none-eabi/9.3.1/thumb/v7e-m+fp/hard/crtn.o
 *(.fini)
 .fini          0x00000000080023e0        0x4 c:/st/stm32cubeide_1.7.0/stm32cubeide/plugins/com.st.stm32cube.ide.mcu.externaltools.gnu-tools-for-stm32.9-2020-q2-update.win32_2.0.0.202105311346/tools/bin/../lib/gcc/arm-none-eabi/9.3.1/thumb/v7e-m+fp/hard/crti.o
                0x00000000080023e0                _fini
 .fini          0x00000000080023e4        0x8 c:/st/stm32cubeide_1.7.0/stm32cubeide/plugins/com.st.stm32cube.ide.mcu.externaltools.gnu-tools-for-stm32.9-2020-q2-update.win32_2.0.0.202105311346/tools/bin/../lib/gcc/arm-none-eabi/9.3.1/thumb/v7e-m+fp/hard/crtn.o
                0x00000000080023ec                . = ALIGN (0x4)
                0x00000000080023ec                _etext = .

.vfp11_veneer   0x00000000080023ec        0x0
 .vfp11_veneer  0x00000000080023ec        0x0 linker stubs

.v4_bx          0x00000000080023ec        0x0
 .v4_bx         0x00000000080023ec        0x0 linker stubs

.iplt           0x00000000080023ec        0x0
 .iplt          0x00000000080023ec        0x0 c:/st/stm32cubeide_1.7.0/stm32cubeide/plugins/com.st.stm32cube.ide.mcu.externaltools.gnu-tools-for-stm32.9-2020-q2-update.win32_2.0.0.202105311346/tools/bin/../lib/gcc/arm-none-eabi/9.3.1/thumb/v7e-m+fp/hard/crtbegin.o

.rodata         0x00000000080023ec       0x38
                0x00000000080023ec                . = ALIGN (0x4)
 *(.rodata)
 .rodata        0x00000000080023ec        0x5 ./Core/Src/flash.o
 *fill*         0x00000000080023f1        0x3 
 .rodata        0x00000000080023f4       0x1d ./Core/Src/main.o
 *(.rodata*)
 *fill*         0x0000000008002411        0x3 
 .rodata.AHBPrescTable
                0x0000000008002414       0x10 ./Core/Src/system_stm32f4xx.o
                0x0000000008002414                AHBPrescTable
                0x0000000008002424                . = ALIGN (0x4)

.ARM.extab      0x0000000008002424        0x0
                0x0000000008002424                . = ALIGN (0x4)
 *(.ARM.extab* .gnu.linkonce.armextab.*)
                0x0000000008002424                . = ALIGN (0x4)

.ARM            0x0000000008002424        0x8
                0x0000000008002424                . = ALIGN (0x4)
                0x0000000008002424                __exidx_start = .
 *(.ARM.exidx*)
 .ARM.exidx     0x0000000008002424        0x8 c:/st/stm32cubeide_1.7.0/stm32cubeide/plugins/com.st.stm32cube.ide.mcu.externaltools.gnu-tools-for-stm32.9-2020-q2-update.win32_2.0.0.202105311346/tools/bin/../lib/gcc/arm-none-eabi/9.3.1/thumb/v7e-m+fp/hard\libgcc.a(_udivmoddi4.o)
                0x000000000800242c                __exidx_end = .
                0x000000000800242c                . = ALIGN (0x4)

.rel.dyn        0x000000000800242c        0x0
 .rel.iplt      0x000000000800242c        0x0 c:/st/stm32cubeide_1.7.0/stm32cubeide/plugins/com.st.stm32cube.ide.mcu.externaltools.gnu-tools-for-stm32.9-2020-q2-update.win32_2.0.0.202105311346/tools/bin/../lib/gcc/arm-none-eabi/9.3.1/thumb/v7e-m+fp/hard/crtbegin.o

.preinit_array  0x000000000800242c        0x0
                0x000000000800242c                . = ALIGN (0x4)
                0x000000000800242c                PROVIDE (__preinit_array_start = .)
 *(.preinit_array*)
                0x000000000800242c                PROVIDE (__preinit_array_end = .)
                0x000000000800242c                . = ALIGN (0x4)

.init_array     0x000000000800242c        0x4
                0x000000000800242c                . = ALIGN (0x4)
                0x000000000800242c                PROVIDE (__init_array_start = .)
 *(SORT_BY_NAME(.init_array.*))
 *(.init_array*)
 .init_array    0x000000000800242c        0x4 c:/st/stm32cubeide_1.7.0/stm32cubeide/plugins/com.st.stm32cube.ide.mcu.externaltools.gnu-tools-for-stm32.9-2020-q2-update.win32_2.0.0.202105311346/tools/bin/../lib/gcc/arm-none-eabi/9.3.1/thumb/v7e-m+fp/hard/crtbegin.o
                0x0000000008002430                PROVIDE (__init_array_end = .)
                0x0000000008002430                . = ALIGN (0x4)

.fini_array     0x0000000008002430        0x4
                0x0000000008002430                . = ALIGN (0x4)
                [!provide]                        PROVIDE (__fini_array_start = .)
 *(SORT_BY_NAME(.fini_array.*))
 *(.fini_array*)
 .fini_array    0x0000000008002430        0x4 c:/st/stm32cubeide_1.7.0/stm32cubeide/plugins/com.st.stm32cube.ide.mcu.externaltools.gnu-tools-for-stm32.9-2020-q2-update.win32_2.0.0.202105311346/tools/bin/../lib/gcc/arm-none-eabi/9.3.1/thumb/v7e-m+fp/hard/crtbegin.o
                [!provide]                        PROVIDE (__fini_array_end = .)
                0x0000000008002434                . = ALIGN (0x4)
                0x0000000008002434                _sidata = LOADADDR (.data)

.data           0x0000000020000000        0xc load address 0x0000000008002434
                0x0000000020000000                . = ALIGN (0x4)
                0x0000000020000000                _sdata = .
 *(.data)
 *(.data*)
 .data.SystemCoreClock
                0x0000000020000000        0x4 ./Core/Src/system_stm32f4xx.o
                0x0000000020000000                SystemCoreClock
 .data.uwTickPrio
                0x0000000020000004        0x4 ./Drivers/STM32F4xx_HAL_Driver/Src/stm32f4xx_hal.o
                0x0000000020000004                uwTickPrio
 .data.uwTickFreq
                0x0000000020000008        0x1 ./Drivers/STM32F4xx_HAL_Driver/Src/stm32f4xx_hal.o
                0x0000000020000008                uwTickFreq
 *(.RamFunc)
 *(.RamFunc*)
                0x000000002000000c                . = ALIGN (0x4)
 *fill*         0x0000000020000009        0x3 
                0x000000002000000c                _edata = .
                0x0000000008002440                _siccmram = LOADADDR (.ccmram)

.igot.plt       0x000000002000000c        0x0 load address 0x0000000008002440
 .igot.plt      0x000000002000000c        0x0 c:/st/stm32cubeide_1.7.0/stm32cubeide/plugins/com.st.stm32cube.ide.mcu.externaltools.gnu-tools-for-stm32.9-2020-q2-update.win32_2.0.0.202105311346/tools/bin/../lib/gcc/arm-none-eabi/9.3.1/thumb/v7e-m+fp/hard/crtbegin.o

.ccmram         0x0000000010000000        0x0 load address 0x0000000008002440
                0x0000000010000000                . = ALIGN (0x4)
                0x0000000010000000                _sccmram = .
 *(.ccmram)
 *(.ccmram*)
                0x0000000010000000                . = ALIGN (0x4)
                0x0000000010000000                _eccmram = .
                0x0000000010000000                . = ALIGN (0x4)

.bss            0x000000002000000c       0xf0
                0x000000002000000c                _sbss = .
                0x000000002000000c                __bss_start__ = _sbss
 *(.bss)
 .bss           0x000000002000000c       0x1c c:/st/stm32cubeide_1.7.0/stm32cubeide/plugins/com.st.stm32cube.ide.mcu.externaltools.gnu-tools-for-stm32.9-2020-q2-update.win32_2.0.0.202105311346/tools/bin/../lib/gcc/arm-none-eabi/9.3.1/thumb/v7e-m+fp/hard/crtbegin.o
 *(.bss*)
 .bss.da        0x0000000020000028       0x10 ./Core/Src/flash.o
                0x0000000020000028                da
 .bss.pxCurrentTCB
                0x0000000020000038        0x4 ./Middlewares/Third_Party/FreeRTOS/Source/tasks.o
                0x0000000020000038                pxCurrentTCB
 .bss.pxReadyTasksLists
                0x000000002000003c       0x8c ./Middlewares/Third_Party/FreeRTOS/Source/tasks.o
 .bss.pxDelayedTaskList
                0x00000000200000c8        0x4 ./Middlewares/Third_Party/FreeRTOS/Source/tasks.o
 .bss.pxOverflowDelayedTaskList
                0x00000000200000cc        0x4 ./Middlewares/Third_Party/FreeRTOS/Source/tasks.o
 .bss.xTickCount
                0x00000000200000d0        0x4 ./Middlewares/Third_Party/FreeRTOS/Source/tasks.o
 .bss.uxTopReadyPriority
                0x00000000200000d4        0x4 ./Middlewares/Third_Party/FreeRTOS/Source/tasks.o
 .bss.xSchedulerRunning
                0x00000000200000d8        0x4 ./Middlewares/Third_Party/FreeRTOS/Source/tasks.o
 .bss.xPendedTicks
                0x00000000200000dc        0x4 ./Middlewares/Third_Party/FreeRTOS/Source/tasks.o
 .bss.xYieldPending
                0x00000000200000e0        0x4 ./Middlewares/Third_Party/FreeRTOS/Source/tasks.o
 .bss.xNumOfOverflows
                0x00000000200000e4        0x4 ./Middlewares/Third_Party/FreeRTOS/Source/tasks.o
 .bss.xNextTaskUnblockTime
                0x00000000200000e8        0x4 ./Middlewares/Third_Party/FreeRTOS/Source/tasks.o
 .bss.uxSchedulerSuspended
                0x00000000200000ec        0x4 ./Middlewares/Third_Party/FreeRTOS/Source/tasks.o
 *(COMMON)
 COMMON         0x00000000200000f0        0x8 ./Core/Src/flash.o
                0x00000000200000f0                b
                0x00000000200000f4                a
 COMMON         0x00000000200000f8        0x4 ./Drivers/STM32F4xx_HAL_Driver/Src/stm32f4xx_hal.o
                0x00000000200000f8                uwTick
                0x00000000200000fc                . = ALIGN (0x4)
                0x00000000200000fc                _ebss = .
                0x00000000200000fc                __bss_end__ = _ebss

._user_heap_stack
                0x00000000200000fc      0x604
                0x0000000020000100                . = ALIGN (0x8)
 *fill*         0x00000000200000fc        0x4 
                [!provide]                        PROVIDE (end = .)
                0x0000000020000100                PROVIDE (_end = .)
                0x0000000020000300                . = (. + _Min_Heap_Size)
 *fill*         0x0000000020000100      0x200 
                0x0000000020000700                . = (. + _Min_Stack_Size)
 *fill*         0x0000000020000300      0x400 
                0x0000000020000700                . = ALIGN (0x8)

/DISCARD/
 libc.a(*)
 libm.a(*)
 libgcc.a(*)

.ARM.attributes
                0x0000000000000000       0x30
 *(.ARM.attributes)
 .ARM.attributes
                0x0000000000000000       0x1e c:/st/stm32cubeide_1.7.0/stm32cubeide/plugins/com.st.stm32cube.ide.mcu.externaltools.gnu-tools-for-stm32.9-2020-q2-update.win32_2.0.0.202105311346/tools/bin/../lib/gcc/arm-none-eabi/9.3.1/thumb/v7e-m+fp/hard/crti.o
 .ARM.attributes
                0x000000000000001e       0x34 c:/st/stm32cubeide_1.7.0/stm32cubeide/plugins/com.st.stm32cube.ide.mcu.externaltools.gnu-tools-for-stm32.9-2020-q2-update.win32_2.0.0.202105311346/tools/bin/../lib/gcc/arm-none-eabi/9.3.1/thumb/v7e-m+fp/hard/crtbegin.o
 .ARM.attributes
                0x0000000000000052       0x34 ./Core/Src/flash.o
 .ARM.attributes
                0x0000000000000086       0x34 ./Core/Src/main.o
 .ARM.attributes
                0x00000000000000ba       0x34 ./Core/Src/stm32f4xx_hal_msp.o
 .ARM.attributes
                0x00000000000000ee       0x34 ./Core/Src/stm32f4xx_it.o
 .ARM.attributes
                0x0000000000000122       0x34 ./Core/Src/system_stm32f4xx.o
 .ARM.attributes
                0x0000000000000156       0x21 ./Core/Startup/startup_stm32f429zitx.o
 .ARM.attributes
                0x0000000000000177       0x34 ./Drivers/STM32F4xx_HAL_Driver/Src/stm32f4xx_hal.o
 .ARM.attributes
                0x00000000000001ab       0x34 ./Drivers/STM32F4xx_HAL_Driver/Src/stm32f4xx_hal_cortex.o
 .ARM.attributes
                0x00000000000001df       0x34 ./Drivers/STM32F4xx_HAL_Driver/Src/stm32f4xx_hal_gpio.o
 .ARM.attributes
                0x0000000000000213       0x34 ./Drivers/STM32F4xx_HAL_Driver/Src/stm32f4xx_hal_pwr_ex.o
 .ARM.attributes
                0x0000000000000247       0x34 ./Drivers/STM32F4xx_HAL_Driver/Src/stm32f4xx_hal_rcc.o
 .ARM.attributes
                0x000000000000027b       0x34 ./Middlewares/Third_Party/FreeRTOS/Source/list.o
 .ARM.attributes
                0x00000000000002af       0x34 ./Middlewares/Third_Party/FreeRTOS/Source/tasks.o
 .ARM.attributes
                0x00000000000002e3       0x34 ./Middlewares/Third_Party/FreeRTOS/Source/portable/GCC/ARM_CM4F/port.o
 .ARM.attributes
                0x0000000000000317       0x34 c:/st/stm32cubeide_1.7.0/stm32cubeide/plugins/com.st.stm32cube.ide.mcu.externaltools.gnu-tools-for-stm32.9-2020-q2-update.win32_2.0.0.202105311346/tools/bin/../lib/gcc/arm-none-eabi/9.3.1/../../../../arm-none-eabi/lib/thumb/v7e-m+fp/hard\libc_nano.a(lib_a-init.o)
 .ARM.attributes
                0x000000000000034b       0x34 c:/st/stm32cubeide_1.7.0/stm32cubeide/plugins/com.st.stm32cube.ide.mcu.externaltools.gnu-tools-for-stm32.9-2020-q2-update.win32_2.0.0.202105311346/tools/bin/../lib/gcc/arm-none-eabi/9.3.1/../../../../arm-none-eabi/lib/thumb/v7e-m+fp/hard\libc_nano.a(lib_a-memset.o)
 .ARM.attributes
                0x000000000000037f       0x17 c:/st/stm32cubeide_1.7.0/stm32cubeide/plugins/com.st.stm32cube.ide.mcu.externaltools.gnu-tools-for-stm32.9-2020-q2-update.win32_2.0.0.202105311346/tools/bin/../lib/gcc/arm-none-eabi/9.3.1/../../../../arm-none-eabi/lib/thumb/v7e-m+fp/hard\libc_nano.a(lib_a-strlen.o)
 .ARM.attributes
                0x0000000000000396       0x1e c:/st/stm32cubeide_1.7.0/stm32cubeide/plugins/com.st.stm32cube.ide.mcu.externaltools.gnu-tools-for-stm32.9-2020-q2-update.win32_2.0.0.202105311346/tools/bin/../lib/gcc/arm-none-eabi/9.3.1/thumb/v7e-m+fp/hard\libgcc.a(_aeabi_uldivmod.o)
 .ARM.attributes
                0x00000000000003b4       0x34 c:/st/stm32cubeide_1.7.0/stm32cubeide/plugins/com.st.stm32cube.ide.mcu.externaltools.gnu-tools-for-stm32.9-2020-q2-update.win32_2.0.0.202105311346/tools/bin/../lib/gcc/arm-none-eabi/9.3.1/thumb/v7e-m+fp/hard\libgcc.a(_udivmoddi4.o)
 .ARM.attributes
                0x00000000000003e8       0x1e c:/st/stm32cubeide_1.7.0/stm32cubeide/plugins/com.st.stm32cube.ide.mcu.externaltools.gnu-tools-for-stm32.9-2020-q2-update.win32_2.0.0.202105311346/tools/bin/../lib/gcc/arm-none-eabi/9.3.1/thumb/v7e-m+fp/hard\libgcc.a(_dvmd_tls.o)
 .ARM.attributes
                0x0000000000000406       0x1e c:/st/stm32cubeide_1.7.0/stm32cubeide/plugins/com.st.stm32cube.ide.mcu.externaltools.gnu-tools-for-stm32.9-2020-q2-update.win32_2.0.0.202105311346/tools/bin/../lib/gcc/arm-none-eabi/9.3.1/thumb/v7e-m+fp/hard/crtn.o
OUTPUT(27_FlashMemory_Example.elf elf32-littlearm)
LOAD linker stubs
LOAD c:/st/stm32cubeide_1.7.0/stm32cubeide/plugins/com.st.stm32cube.ide.mcu.externaltools.gnu-tools-for-stm32.9-2020-q2-update.win32_2.0.0.202105311346/tools/bin/../lib/gcc/arm-none-eabi/9.3.1/../../../../arm-none-eabi/lib/thumb/v7e-m+fp/hard\libc.a
LOAD c:/st/stm32cubeide_1.7.0/stm32cubeide/plugins/com.st.stm32cube.ide.mcu.externaltools.gnu-tools-for-stm32.9-2020-q2-update.win32_2.0.0.202105311346/tools/bin/../lib/gcc/arm-none-eabi/9.3.1/../../../../arm-none-eabi/lib/thumb/v7e-m+fp/hard\libm.a
LOAD c:/st/stm32cubeide_1.7.0/stm32cubeide/plugins/com.st.stm32cube.ide.mcu.externaltools.gnu-tools-for-stm32.9-2020-q2-update.win32_2.0.0.202105311346/tools/bin/../lib/gcc/arm-none-eabi/9.3.1/thumb/v7e-m+fp/hard\libgcc.a

.debug_info     0x0000000000000000     0x8730
 .debug_info    0x0000000000000000      0x4b6 ./Core/Src/flash.o
 .debug_info    0x00000000000004b6      0xa8c ./Core/Src/main.o
 .debug_info    0x0000000000000f42      0x710 ./Core/Src/stm32f4xx_hal_msp.o
 .debug_info    0x0000000000001652      0x223 ./Core/Src/stm32f4xx_it.o
 .debug_info    0x0000000000001875      0x5c0 ./Core/Src/system_stm32f4xx.o
 .debug_info    0x0000000000001e35       0x22 ./Core/Startup/startup_stm32f429zitx.o
 .debug_info    0x0000000000001e57      0xa2a ./Drivers/STM32F4xx_HAL_Driver/Src/stm32f4xx_hal.o
 .debug_info    0x0000000000002881      0xf0d ./Drivers/STM32F4xx_HAL_Driver/Src/stm32f4xx_hal_cortex.o
 .debug_info    0x000000000000378e      0x85a ./Drivers/STM32F4xx_HAL_Driver/Src/stm32f4xx_hal_gpio.o
 .debug_info    0x0000000000003fe8      0x7ae ./Drivers/STM32F4xx_HAL_Driver/Src/stm32f4xx_hal_pwr_ex.o
 .debug_info    0x0000000000004796      0x9b2 ./Drivers/STM32F4xx_HAL_Driver/Src/stm32f4xx_hal_rcc.o
 .debug_info    0x0000000000005148      0xb82 ./Middlewares/Third_Party/FreeRTOS/Source/list.o
 .debug_info    0x0000000000005cca     0x2575 ./Middlewares/Third_Party/FreeRTOS/Source/tasks.o
 .debug_info    0x000000000000823f      0x4f1 ./Middlewares/Third_Party/FreeRTOS/Source/portable/GCC/ARM_CM4F/port.o

.debug_abbrev   0x0000000000000000     0x1b16
 .debug_abbrev  0x0000000000000000      0x21a ./Core/Src/flash.o
 .debug_abbrev  0x000000000000021a      0x246 ./Core/Src/main.o
 .debug_abbrev  0x0000000000000460      0x17c ./Core/Src/stm32f4xx_hal_msp.o
 .debug_abbrev  0x00000000000005dc       0xd2 ./Core/Src/stm32f4xx_it.o
 .debug_abbrev  0x00000000000006ae      0x145 ./Core/Src/system_stm32f4xx.o
 .debug_abbrev  0x00000000000007f3       0x12 ./Core/Startup/startup_stm32f429zitx.o
 .debug_abbrev  0x0000000000000805      0x1ed ./Drivers/STM32F4xx_HAL_Driver/Src/stm32f4xx_hal.o
 .debug_abbrev  0x00000000000009f2      0x33c ./Drivers/STM32F4xx_HAL_Driver/Src/stm32f4xx_hal_cortex.o
 .debug_abbrev  0x0000000000000d2e      0x1f1 ./Drivers/STM32F4xx_HAL_Driver/Src/stm32f4xx_hal_gpio.o
 .debug_abbrev  0x0000000000000f1f      0x1da ./Drivers/STM32F4xx_HAL_Driver/Src/stm32f4xx_hal_pwr_ex.o
 .debug_abbrev  0x00000000000010f9      0x275 ./Drivers/STM32F4xx_HAL_Driver/Src/stm32f4xx_hal_rcc.o
 .debug_abbrev  0x000000000000136e      0x1f7 ./Middlewares/Third_Party/FreeRTOS/Source/list.o
 .debug_abbrev  0x0000000000001565      0x380 ./Middlewares/Third_Party/FreeRTOS/Source/tasks.o
 .debug_abbrev  0x00000000000018e5      0x231 ./Middlewares/Third_Party/FreeRTOS/Source/portable/GCC/ARM_CM4F/port.o

.debug_aranges  0x0000000000000000      0x740
 .debug_aranges
                0x0000000000000000       0x50 ./Core/Src/flash.o
 .debug_aranges
                0x0000000000000050       0x50 ./Core/Src/main.o
 .debug_aranges
                0x00000000000000a0       0x28 ./Core/Src/stm32f4xx_hal_msp.o
 .debug_aranges
                0x00000000000000c8       0x58 ./Core/Src/stm32f4xx_it.o
 .debug_aranges
                0x0000000000000120       0x28 ./Core/Src/system_stm32f4xx.o
 .debug_aranges
                0x0000000000000148       0x28 ./Core/Startup/startup_stm32f429zitx.o
 .debug_aranges
                0x0000000000000170      0x100 ./Drivers/STM32F4xx_HAL_Driver/Src/stm32f4xx_hal.o
 .debug_aranges
                0x0000000000000270      0x118 ./Drivers/STM32F4xx_HAL_Driver/Src/stm32f4xx_hal_cortex.o
 .debug_aranges
                0x0000000000000388       0x58 ./Drivers/STM32F4xx_HAL_Driver/Src/stm32f4xx_hal_gpio.o
 .debug_aranges
                0x00000000000003e0       0x60 ./Drivers/STM32F4xx_HAL_Driver/Src/stm32f4xx_hal_pwr_ex.o
 .debug_aranges
                0x0000000000000440       0x88 ./Drivers/STM32F4xx_HAL_Driver/Src/stm32f4xx_hal_rcc.o
 .debug_aranges
                0x00000000000004c8       0x40 ./Middlewares/Third_Party/FreeRTOS/Source/list.o
 .debug_aranges
                0x0000000000000508      0x1b8 ./Middlewares/Third_Party/FreeRTOS/Source/tasks.o
 .debug_aranges
                0x00000000000006c0       0x80 ./Middlewares/Third_Party/FreeRTOS/Source/portable/GCC/ARM_CM4F/port.o

.debug_ranges   0x0000000000000000      0x668
 .debug_ranges  0x0000000000000000       0x40 ./Core/Src/flash.o
 .debug_ranges  0x0000000000000040       0x40 ./Core/Src/main.o
 .debug_ranges  0x0000000000000080       0x18 ./Core/Src/stm32f4xx_hal_msp.o
 .debug_ranges  0x0000000000000098       0x48 ./Core/Src/stm32f4xx_it.o
 .debug_ranges  0x00000000000000e0       0x18 ./Core/Src/system_stm32f4xx.o
 .debug_ranges  0x00000000000000f8       0x20 ./Core/Startup/startup_stm32f429zitx.o
 .debug_ranges  0x0000000000000118       0xf0 ./Drivers/STM32F4xx_HAL_Driver/Src/stm32f4xx_hal.o
 .debug_ranges  0x0000000000000208      0x108 ./Drivers/STM32F4xx_HAL_Driver/Src/stm32f4xx_hal_cortex.o
 .debug_ranges  0x0000000000000310       0x48 ./Drivers/STM32F4xx_HAL_Driver/Src/stm32f4xx_hal_gpio.o
 .debug_ranges  0x0000000000000358       0x50 ./Drivers/STM32F4xx_HAL_Driver/Src/stm32f4xx_hal_pwr_ex.o
 .debug_ranges  0x00000000000003a8       0x78 ./Drivers/STM32F4xx_HAL_Driver/Src/stm32f4xx_hal_rcc.o
 .debug_ranges  0x0000000000000420       0x30 ./Middlewares/Third_Party/FreeRTOS/Source/list.o
 .debug_ranges  0x0000000000000450      0x1a8 ./Middlewares/Third_Party/FreeRTOS/Source/tasks.o
 .debug_ranges  0x00000000000005f8       0x70 ./Middlewares/Third_Party/FreeRTOS/Source/portable/GCC/ARM_CM4F/port.o

.debug_macro    0x0000000000000000    0x22961
 .debug_macro   0x0000000000000000      0x1ed ./Core/Src/flash.o
 .debug_macro   0x00000000000001ed      0xaa8 ./Core/Src/flash.o
 .debug_macro   0x0000000000000c95       0x28 ./Core/Src/flash.o
 .debug_macro   0x0000000000000cbd       0x22 ./Core/Src/flash.o
 .debug_macro   0x0000000000000cdf       0x8e ./Core/Src/flash.o
 .debug_macro   0x0000000000000d6d       0x51 ./Core/Src/flash.o
 .debug_macro   0x0000000000000dbe      0x103 ./Core/Src/flash.o
 .debug_macro   0x0000000000000ec1       0x6a ./Core/Src/flash.o
 .debug_macro   0x0000000000000f2b      0x1df ./Core/Src/flash.o
 .debug_macro   0x000000000000110a       0x1c ./Core/Src/flash.o
 .debug_macro   0x0000000000001126       0x22 ./Core/Src/flash.o
 .debug_macro   0x0000000000001148       0xdf ./Core/Src/flash.o
 .debug_macro   0x0000000000001227     0x102d ./Core/Src/flash.o
 .debug_macro   0x0000000000002254      0x11f ./Core/Src/flash.o
 .debug_macro   0x0000000000002373    0x17f91 ./Core/Src/flash.o
 .debug_macro   0x000000000001a304      0x29b ./Core/Src/flash.o
 .debug_macro   0x000000000001a59f       0x2e ./Core/Src/flash.o
 .debug_macro   0x000000000001a5cd       0x6d ./Core/Src/flash.o
 .debug_macro   0x000000000001a63a     0x36dd ./Core/Src/flash.o
 .debug_macro   0x000000000001dd17      0x174 ./Core/Src/flash.o
 .debug_macro   0x000000000001de8b       0x5c ./Core/Src/flash.o
 .debug_macro   0x000000000001dee7      0xca5 ./Core/Src/flash.o
 .debug_macro   0x000000000001eb8c      0x9fe ./Core/Src/flash.o
 .debug_macro   0x000000000001f58a      0x116 ./Core/Src/flash.o
 .debug_macro   0x000000000001f6a0      0x157 ./Core/Src/flash.o
 .debug_macro   0x000000000001f7f7       0xa5 ./Core/Src/flash.o
 .debug_macro   0x000000000001f89c      0x182 ./Core/Src/flash.o
 .debug_macro   0x000000000001fa1e      0x287 ./Core/Src/flash.o
 .debug_macro   0x000000000001fca5       0x5f ./Core/Src/flash.o
 .debug_macro   0x000000000001fd04      0x236 ./Core/Src/flash.o
 .debug_macro   0x000000000001ff3a      0x132 ./Core/Src/flash.o
 .debug_macro   0x000000000002006c      0x41d ./Core/Src/flash.o
 .debug_macro   0x0000000000020489       0x2e ./Core/Src/flash.o
 .debug_macro   0x00000000000204b7       0x78 ./Core/Src/flash.o
 .debug_macro   0x000000000002052f      0x11a ./Core/Src/flash.o
 .debug_macro   0x0000000000020649       0xe2 ./Core/Src/flash.o
 .debug_macro   0x000000000002072b       0x89 ./Core/Src/flash.o
 .debug_macro   0x00000000000207b4       0x8d ./Core/Src/flash.o
 .debug_macro   0x0000000000020841      0x134 ./Core/Src/flash.o
 .debug_macro   0x0000000000020975      0x4c9 ./Core/Src/flash.o
 .debug_macro   0x0000000000020e3e      0x2a0 ./Core/Src/main.o
 .debug_macro   0x00000000000210de       0xe4 ./Core/Src/main.o
 .debug_macro   0x00000000000211c2       0x91 ./Core/Src/main.o
 .debug_macro   0x0000000000021253       0x8d ./Core/Src/main.o
 .debug_macro   0x00000000000212e0       0x7e ./Core/Src/main.o
 .debug_macro   0x000000000002135e       0x19 ./Core/Src/main.o
 .debug_macro   0x0000000000021377       0xf2 ./Core/Src/main.o
 .debug_macro   0x0000000000021469      0x1d3 ./Core/Src/stm32f4xx_hal_msp.o
 .debug_macro   0x000000000002163c      0x245 ./Core/Src/stm32f4xx_it.o
 .debug_macro   0x0000000000021881      0x1c4 ./Core/Src/system_stm32f4xx.o
 .debug_macro   0x0000000000021a45      0x224 ./Drivers/STM32F4xx_HAL_Driver/Src/stm32f4xx_hal.o
 .debug_macro   0x0000000000021c69      0x1c4 ./Drivers/STM32F4xx_HAL_Driver/Src/stm32f4xx_hal_cortex.o
 .debug_macro   0x0000000000021e2d      0x1ca ./Drivers/STM32F4xx_HAL_Driver/Src/stm32f4xx_hal_gpio.o
 .debug_macro   0x0000000000021ff7      0x1dc ./Drivers/STM32F4xx_HAL_Driver/Src/stm32f4xx_hal_pwr_ex.o
 .debug_macro   0x00000000000221d3      0x1e8 ./Drivers/STM32F4xx_HAL_Driver/Src/stm32f4xx_hal_rcc.o
 .debug_macro   0x00000000000223bb      0x187 ./Middlewares/Third_Party/FreeRTOS/Source/list.o
 .debug_macro   0x0000000000022542      0x279 ./Middlewares/Third_Party/FreeRTOS/Source/tasks.o
 .debug_macro   0x00000000000227bb       0x10 ./Middlewares/Third_Party/FreeRTOS/Source/tasks.o
 .debug_macro   0x00000000000227cb      0x196 ./Middlewares/Third_Party/FreeRTOS/Source/portable/GCC/ARM_CM4F/port.o

.debug_line     0x0000000000000000     0x8a53
 .debug_line    0x0000000000000000      0x97c ./Core/Src/flash.o
 .debug_line    0x000000000000097c      0xafe ./Core/Src/main.o
 .debug_line    0x000000000000147a      0x6cd ./Core/Src/stm32f4xx_hal_msp.o
 .debug_line    0x0000000000001b47      0x869 ./Core/Src/stm32f4xx_it.o
 .debug_line    0x00000000000023b0      0x72f ./Core/Src/system_stm32f4xx.o
 .debug_line    0x0000000000002adf       0x88 ./Core/Startup/startup_stm32f429zitx.o
 .debug_line    0x0000000000002b67      0x9cb ./Drivers/STM32F4xx_HAL_Driver/Src/stm32f4xx_hal.o
 .debug_line    0x0000000000003532      0xc44 ./Drivers/STM32F4xx_HAL_Driver/Src/stm32f4xx_hal_cortex.o
 .debug_line    0x0000000000004176      0xb33 ./Drivers/STM32F4xx_HAL_Driver/Src/stm32f4xx_hal_gpio.o
 .debug_line    0x0000000000004ca9      0x8c4 ./Drivers/STM32F4xx_HAL_Driver/Src/stm32f4xx_hal_pwr_ex.o
 .debug_line    0x000000000000556d      0xd11 ./Drivers/STM32F4xx_HAL_Driver/Src/stm32f4xx_hal_rcc.o
 .debug_line    0x000000000000627e      0x70b ./Middlewares/Third_Party/FreeRTOS/Source/list.o
 .debug_line    0x0000000000006989     0x191b ./Middlewares/Third_Party/FreeRTOS/Source/tasks.o
 .debug_line    0x00000000000082a4      0x7af ./Middlewares/Third_Party/FreeRTOS/Source/portable/GCC/ARM_CM4F/port.o

.debug_str      0x0000000000000000    0xd7929
 .debug_str     0x0000000000000000    0xcb03c ./Core/Src/flash.o
                                      0xcb2d7 (size before relaxing)
 .debug_str     0x00000000000cb03c     0x63aa ./Core/Src/main.o
                                      0xd15f9 (size before relaxing)
 .debug_str     0x00000000000d13e6      0x5be ./Core/Src/stm32f4xx_hal_msp.o
                                      0xcb8ec (size before relaxing)
 .debug_str     0x00000000000d19a4       0xb1 ./Core/Src/stm32f4xx_it.o
                                      0xcf04f (size before relaxing)
 .debug_str     0x00000000000d1a55       0xaf ./Core/Src/system_stm32f4xx.o
                                      0xca45a (size before relaxing)
 .debug_str     0x00000000000d1b04       0x36 ./Core/Startup/startup_stm32f429zitx.o
                                         0x78 (size before relaxing)
 .debug_str     0x00000000000d1b3a      0x5a5 ./Drivers/STM32F4xx_HAL_Driver/Src/stm32f4xx_hal.o
                                      0xcafdb (size before relaxing)
 .debug_str     0x00000000000d20df      0x392 ./Drivers/STM32F4xx_HAL_Driver/Src/stm32f4xx_hal_cortex.o
                                      0xcad7c (size before relaxing)
 .debug_str     0x00000000000d2471      0x15f ./Drivers/STM32F4xx_HAL_Driver/Src/stm32f4xx_hal_gpio.o
                                      0xca601 (size before relaxing)
 .debug_str     0x00000000000d25d0      0x135 ./Drivers/STM32F4xx_HAL_Driver/Src/stm32f4xx_hal_pwr_ex.o
                                      0xca652 (size before relaxing)
 .debug_str     0x00000000000d2705      0x259 ./Drivers/STM32F4xx_HAL_Driver/Src/stm32f4xx_hal_rcc.o
                                      0xca85c (size before relaxing)
 .debug_str     0x00000000000d295e     0x3368 ./Middlewares/Third_Party/FreeRTOS/Source/list.o
                                       0xab46 (size before relaxing)
 .debug_str     0x00000000000d5cc6     0x144c ./Middlewares/Third_Party/FreeRTOS/Source/tasks.o
                                       0xcdb0 (size before relaxing)
 .debug_str     0x00000000000d7112      0x817 ./Middlewares/Third_Party/FreeRTOS/Source/portable/GCC/ARM_CM4F/port.o
                                       0x8689 (size before relaxing)

.comment        0x0000000000000000       0x53
 .comment       0x0000000000000000       0x53 ./Core/Src/flash.o
                                         0x54 (size before relaxing)
 .comment       0x0000000000000053       0x54 ./Core/Src/main.o
 .comment       0x0000000000000053       0x54 ./Core/Src/stm32f4xx_hal_msp.o
 .comment       0x0000000000000053       0x54 ./Core/Src/stm32f4xx_it.o
 .comment       0x0000000000000053       0x54 ./Core/Src/system_stm32f4xx.o
 .comment       0x0000000000000053       0x54 ./Drivers/STM32F4xx_HAL_Driver/Src/stm32f4xx_hal.o
 .comment       0x0000000000000053       0x54 ./Drivers/STM32F4xx_HAL_Driver/Src/stm32f4xx_hal_cortex.o
 .comment       0x0000000000000053       0x54 ./Drivers/STM32F4xx_HAL_Driver/Src/stm32f4xx_hal_gpio.o
 .comment       0x0000000000000053       0x54 ./Drivers/STM32F4xx_HAL_Driver/Src/stm32f4xx_hal_pwr_ex.o
 .comment       0x0000000000000053       0x54 ./Drivers/STM32F4xx_HAL_Driver/Src/stm32f4xx_hal_rcc.o
 .comment       0x0000000000000053       0x54 ./Middlewares/Third_Party/FreeRTOS/Source/list.o
 .comment       0x0000000000000053       0x54 ./Middlewares/Third_Party/FreeRTOS/Source/tasks.o
 .comment       0x0000000000000053       0x54 ./Middlewares/Third_Party/FreeRTOS/Source/portable/GCC/ARM_CM4F/port.o

.debug_frame    0x0000000000000000     0x1b08
 .debug_frame   0x0000000000000000      0x108 ./Core/Src/flash.o
 .debug_frame   0x0000000000000108       0xec ./Core/Src/main.o
 .debug_frame   0x00000000000001f4       0x5c ./Core/Src/stm32f4xx_hal_msp.o
 .debug_frame   0x0000000000000250       0xe4 ./Core/Src/stm32f4xx_it.o
 .debug_frame   0x0000000000000334       0x58 ./Core/Src/system_stm32f4xx.o
 .debug_frame   0x000000000000038c      0x3b4 ./Drivers/STM32F4xx_HAL_Driver/Src/stm32f4xx_hal.o
 .debug_frame   0x0000000000000740      0x498 ./Drivers/STM32F4xx_HAL_Driver/Src/stm32f4xx_hal_cortex.o
 .debug_frame   0x0000000000000bd8      0x14c ./Drivers/STM32F4xx_HAL_Driver/Src/stm32f4xx_hal_gpio.o
 .debug_frame   0x0000000000000d24      0x14c ./Drivers/STM32F4xx_HAL_Driver/Src/stm32f4xx_hal_pwr_ex.o
 .debug_frame   0x0000000000000e70      0x1f0 ./Drivers/STM32F4xx_HAL_Driver/Src/stm32f4xx_hal_rcc.o
 .debug_frame   0x0000000000001060       0xd8 ./Middlewares/Third_Party/FreeRTOS/Source/list.o
 .debug_frame   0x0000000000001138      0x77c ./Middlewares/Third_Party/FreeRTOS/Source/tasks.o
 .debug_frame   0x00000000000018b4      0x1a8 ./Middlewares/Third_Party/FreeRTOS/Source/portable/GCC/ARM_CM4F/port.o
 .debug_frame   0x0000000000001a5c       0x2c c:/st/stm32cubeide_1.7.0/stm32cubeide/plugins/com.st.stm32cube.ide.mcu.externaltools.gnu-tools-for-stm32.9-2020-q2-update.win32_2.0.0.202105311346/tools/bin/../lib/gcc/arm-none-eabi/9.3.1/../../../../arm-none-eabi/lib/thumb/v7e-m+fp/hard\libc_nano.a(lib_a-init.o)
 .debug_frame   0x0000000000001a88       0x20 c:/st/stm32cubeide_1.7.0/stm32cubeide/plugins/com.st.stm32cube.ide.mcu.externaltools.gnu-tools-for-stm32.9-2020-q2-update.win32_2.0.0.202105311346/tools/bin/../lib/gcc/arm-none-eabi/9.3.1/../../../../arm-none-eabi/lib/thumb/v7e-m+fp/hard\libc_nano.a(lib_a-memset.o)
 .debug_frame   0x0000000000001aa8       0x2c c:/st/stm32cubeide_1.7.0/stm32cubeide/plugins/com.st.stm32cube.ide.mcu.externaltools.gnu-tools-for-stm32.9-2020-q2-update.win32_2.0.0.202105311346/tools/bin/../lib/gcc/arm-none-eabi/9.3.1/thumb/v7e-m+fp/hard\libgcc.a(_aeabi_uldivmod.o)
 .debug_frame   0x0000000000001ad4       0x34 c:/st/stm32cubeide_1.7.0/stm32cubeide/plugins/com.st.stm32cube.ide.mcu.externaltools.gnu-tools-for-stm32.9-2020-q2-update.win32_2.0.0.202105311346/tools/bin/../lib/gcc/arm-none-eabi/9.3.1/thumb/v7e-m+fp/hard\libgcc.a(_udivmoddi4.o)
